// Jest Snapshot v1, https://goo.gl/fbAQLP

exports[`Component Content Deve renderizar sem erros 1`] = `
<div
  className="gs-content "
/>
`;
